[36mvite v7.3.1 [32mbuilding client environment for production...[36m[39m
transforming...
[32mΓ£ô[39m 3 modules transformed.
node.exe : 
[31mΓ£ù[39m Build 
failed in 152ms
At line:1 char:1
+ & "C:\Program Files
\nodejs/node.exe" 
"C:\Program 
Files\nodejs/node_mo 
...
+ ~~~~~~~~~~~~~~~~~~~
~~~~~~~~~~~~~~~~~~~~~
~~~~~~~~~~~~~~~~~~~~~
~~~~~~~~
    + CategoryInfo   
           : NotSpe  
  cified: ([31mΓ£   
 ù[39m Build fai    
led in 152ms:Str    
ing) [], RemoteE    
xception
    + FullyQualified 
   ErrorId : Native  
  CommandError
 
[31merror during 
build:
[31m[vite:css] 
[postcss] It looks 
like you're trying 
to use `tailwindcss` 
directly as a 
PostCSS plugin. The 
PostCSS plugin has 
moved to a separate 
package, so to 
continue using 
Tailwind CSS with 
PostCSS you'll need 
to install `@tailwind
css/postcss` and 
update your PostCSS 
configuration.[31m
file: [36mC:/Users/m
k2uu/OneDrive - 
AlShaab University/De
sktop/hmk/src/index.c
ss:undefined:NaN[31m
    at at (C:\Users\m
k2uu\OneDrive - 
AlShaab University\De
sktop\hmk\node_module
s\tailwindcss\dist\li
b.js:38:1643)
    at 
LazyResult.runOnRoot 
(C:\Users\mk2uu\OneDr
ive - AlShaab Univers
ity\Desktop\hmk\node_
modules\postcss\lib\l
azy-result.js:361:16)
    at 
LazyResult.runAsync (
C:\Users\mk2uu\OneDri
ve - AlShaab Universi
ty\Desktop\hmk\node_m
odules\postcss\lib\la
zy-result.js:290:26)
    at async 
runPostCSS (file:///C
:/Users/mk2uu/OneDriv
e%20-%20AlShaab%20Uni
versity/Desktop/hmk/n
ode_modules/vite/dist
/node/chunks/config.j
s:30145:19)
    at async 
compilePostCSS (file:
///C:/Users/mk2uu/One
Drive%20-%20AlShaab%2
0University/Desktop/h
mk/node_modules/vite/
dist/node/chunks/conf
ig.js:30129:6)
    at async 
compileCSS (file:///C
:/Users/mk2uu/OneDriv
e%20-%20AlShaab%20Uni
versity/Desktop/hmk/n
ode_modules/vite/dist
/node/chunks/config.j
s:30059:26)
    at async 
Object.handler (file:
///C:/Users/mk2uu/One
Drive%20-%20AlShaab%2
0University/Desktop/h
mk/node_modules/vite/
dist/node/chunks/conf
ig.js:29592:54)
    at async 
transform (file:///C:
/Users/mk2uu/OneDrive
%20-%20AlShaab%20Univ
ersity/Desktop/hmk/no
de_modules/rollup/dis
t/es/shared/node-entr
y.js:21246:16)
    at async ModuleLo
ader.addModuleSource 
(file:///C:/Users/mk2
uu/OneDrive%20-%20AlS
haab%20University/Des
ktop/hmk/node_modules
/rollup/dist/es/share
d/node-entry.js:21474
:36)[39m
